Go on an <a href="#"><span>awesome</span></a> vacation

Pick an emojiâ€¦
